Archive member included to satisfy reference by file (symbol)

C:\EDIII\Medidor_distancia\CMSISv2p00_LPC17xx\Debug\libCMSISv2p00_LPC17xx.a(system_LPC17xx.o)
                              ./src/cr_startup_lpc175x_6x.o (SystemInit)
C:\EDIII\Medidor_distancia\CMSISv2p00_LPC17xx\Debug\libCMSISv2p00_LPC17xx.a(lpc17xx_gpio.o)
                              ./src/tp_final.o (GPIO_SetDir)
C:\EDIII\Medidor_distancia\CMSISv2p00_LPC17xx\Debug\libCMSISv2p00_LPC17xx.a(lpc17xx_pinsel.o)
                              ./src/tp_final.o (PINSEL_ConfigPin)
C:\EDIII\Medidor_distancia\CMSISv2p00_LPC17xx\Debug\libCMSISv2p00_LPC17xx.a(lpc17xx_timer.o)
                              ./src/tp_final.o (TIM_Init)
C:\EDIII\Medidor_distancia\CMSISv2p00_LPC17xx\Debug\libCMSISv2p00_LPC17xx.a(lpc17xx_uart.o)
                              ./src/tp_final.o (UART_Init)
C:\EDIII\Medidor_distancia\CMSISv2p00_LPC17xx\Debug\libCMSISv2p00_LPC17xx.a(lpc17xx_clkpwr.o)
                              C:\EDIII\Medidor_distancia\CMSISv2p00_LPC17xx\Debug\libCMSISv2p00_LPC17xx.a(lpc17xx_timer.o) (CLKPWR_SetPCLKDiv)
C:\EDIII\Medidor_distancia\CMSISv2p00_LPC17xx\Debug\libCMSISv2p00_LPC17xx.a(lpc17xx_libcfg_default.o)
                              C:\EDIII\Medidor_distancia\CMSISv2p00_LPC17xx\Debug\libCMSISv2p00_LPC17xx.a(lpc17xx_timer.o) (check_failed)
c:/nxp/mcuxpressoide_11.6.1_8255/ide/plugins/com.nxp.mcuxpresso.tools.win32_11.6.1.202207200623/tools/bin/../lib/gcc/arm-none-eabi/10.3.1/../../../../arm-none-eabi/lib/thumb/v7-m/nofp\libcr_c.a(__weak__main.o)
                              ./src/cr_startup_lpc175x_6x.o (__main)
c:/nxp/mcuxpressoide_11.6.1_8255/ide/plugins/com.nxp.mcuxpresso.tools.win32_11.6.1.202207200623/tools/bin/../lib/gcc/arm-none-eabi/10.3.1/thumb/v7-m/nofp\libcr_eabihelpers.a(division_64.o)
                              C:\EDIII\Medidor_distancia\CMSISv2p00_LPC17xx\Debug\libCMSISv2p00_LPC17xx.a(system_LPC17xx.o) (__aeabi_ldivmod)
c:/nxp/mcuxpressoide_11.6.1_8255/ide/plugins/com.nxp.mcuxpresso.tools.win32_11.6.1.202207200623/tools/bin/../lib/gcc/arm-none-eabi/10.3.1/thumb/v7-m/nofp\libcr_eabihelpers.a(division_idiv0.o)
                              c:/nxp/mcuxpressoide_11.6.1_8255/ide/plugins/com.nxp.mcuxpresso.tools.win32_11.6.1.202207200623/tools/bin/../lib/gcc/arm-none-eabi/10.3.1/thumb/v7-m/nofp\libcr_eabihelpers.a(division_64.o) (__aeabi_idiv0)
c:/nxp/mcuxpressoide_11.6.1_8255/ide/plugins/com.nxp.mcuxpresso.tools.win32_11.6.1.202207200623/tools/bin/../lib/gcc/arm-none-eabi/10.3.1/thumb/v7-m/nofp\libcr_eabihelpers.a(double.o)
                              ./src/tp_final.o (__aeabi_dmul)

Discarded input sections

 .group         0x00000000        0xc ./src/cr_startup_lpc175x_6x.o
 .text          0x00000000        0x0 ./src/cr_startup_lpc175x_6x.o
 .data          0x00000000        0x0 ./src/cr_startup_lpc175x_6x.o
 .bss           0x00000000        0x0 ./src/cr_startup_lpc175x_6x.o
 .group         0x00000000        0xc ./src/crp.o
 .group         0x00000000        0xc ./src/crp.o
 .text          0x00000000        0x0 ./src/crp.o
 .data          0x00000000        0x0 ./src/crp.o
 .bss           0x00000000        0x0 ./src/crp.o
 .debug_macro   0x00000000      0xa7e ./src/crp.o
 .group         0x00000000        0xc ./src/tp_final.o
 .group         0x00000000        0xc ./src/tp_final.o
 .group         0x00000000        0xc ./src/tp_final.o
 .group         0x00000000        0xc ./src/tp_final.o
 .group         0x00000000        0xc ./src/tp_final.o
 .group         0x00000000        0xc ./src/tp_final.o
 .group         0x00000000        0xc ./src/tp_final.o
 .group         0x00000000        0xc ./src/tp_final.o
 .group         0x00000000        0xc ./src/tp_final.o
 .group         0x00000000        0xc ./src/tp_final.o
 .group         0x00000000        0xc ./src/tp_final.o
 .group         0x00000000        0xc ./src/tp_final.o
 .group         0x00000000        0xc ./src/tp_final.o
 .group         0x00000000        0xc ./src/tp_final.o
 .group         0x00000000        0xc ./src/tp_final.o
 .group         0x00000000        0xc ./src/tp_final.o
 .group         0x00000000        0xc ./src/tp_final.o
 .group         0x00000000        0xc ./src/tp_final.o
 .group         0x00000000        0xc ./src/tp_final.o
 .group         0x00000000        0xc ./src/tp_final.o
 .text          0x00000000        0x0 ./src/tp_final.o
 .data          0x00000000        0x0 ./src/tp_final.o
 .bss           0x00000000        0x0 ./src/tp_final.o
 .bss.v_LcdTrackLineNum_U8
                0x00000000        0x1 ./src/tp_final.o
 .bss.v_LcdTrackCursorPos_U8
                0x00000000        0x1 ./src/tp_final.o
 .data.ARR_LcdLineNumAddress_U8
                0x00000000        0x4 ./src/tp_final.o
 .text.LCD_Init
                0x00000000       0x84 ./src/tp_final.o
 .text.LCD_Clear
                0x00000000       0x14 ./src/tp_final.o
 .text.LCD_GoToLine
                0x00000000       0x44 ./src/tp_final.o
 .text.LCD_GoToNextLine
[...]
Memory Configuration

Name             Origin             Length             Attributes
MFlash512        0x00000000         0x00080000         xr
RamLoc32         0x10000000         0x00008000         xrw
RamAHB32         0x2007c000         0x00008000         xrw
*default*        0x00000000         0xffffffff

Linker script and memory map

LOAD ./src/cr_startup_lpc175x_6x.o
LOAD ./src/crp.o
LOAD ./src/tp_final.o
LOAD C:\EDIII\Medidor_distancia\CMSISv2p00_LPC17xx\Debug\libCMSISv2p00_LPC17xx.a
START GROUP
LOAD c:/nxp/mcuxpressoide_11.6.1_8255/ide/plugins/com.nxp.mcuxpresso.tools.win32_11.6.1.202207200623/tools/bin/../lib/gcc/arm-none-eabi/10.3.1/../../../../arm-none-eabi/lib/thumb/v7-m/nofp\libcr_c.a
LOAD c:/nxp/mcuxpressoide_11.6.1_8255/ide/plugins/com.nxp.mcuxpresso.tools.win32_11.6.1.202207200623/tools/bin/../lib/gcc/arm-none-eabi/10.3.1/thumb/v7-m/nofp\libcr_eabihelpers.a
LOAD c:/nxp/mcuxpressoide_11.6.1_8255/ide/plugins/com.nxp.mcuxpresso.tools.win32_11.6.1.202207200623/tools/bin/../lib/gcc/arm-none-eabi/10.3.1/thumb/v7-m/nofp\libgcc.a
END GROUP
                0x00000000                __base_MFlash512 = 0x0
                0x00000000                __base_Flash = 0x0
                0x00080000                __top_MFlash512 = 0x80000
                0x00080000                __top_Flash = 0x80000
                0x10000000                __base_RamLoc32 = 0x10000000
                0x10000000                __base_RAM = 0x10000000
                0x10008000                __top_RamLoc32 = 0x10008000
                0x10008000                __top_RAM = 0x10008000
                0x2007c000                __base_RamAHB32 = 0x2007c000
                0x2007c000                __base_RAM2 = 0x2007c000
                0x20084000                __top_RamAHB32 = 0x20084000
                0x20084000                __top_RAM2 = 0x20084000

.text           0x00000000     0x1bc4
 FILL mask 0xff
                0x00000000                __vectors_start__ = ABSOLUTE (.)
 *(.isr_vector)
 .isr_vector    0x00000000       0xcc ./src/cr_startup_lpc175x_6x.o
                0x00000000                g_pfnVectors
                0x000000cc                . = ALIGN (0x4)
                0x000000cc                __section_table_start = .
                0x000000cc                __data_section_table = .
                0x000000cc        0x4 LONG 0x1bc4 LOADADDR (.data)
                0x000000d0        0x4 LONG 0x10000000 ADDR (.data)
                0x000000d4        0x4 LONG 0xc SIZEOF (.data)
                0x000000d8        0x4 LONG 0x1bc4 LOADADDR (.data_RAM2)
                0x000000dc        0x4 LONG 0x2007c000 ADDR (.data_RAM2)
                0x000000e0        0x4 LONG 0x0 SIZEOF (.data_RAM2)
                0x000000e4                __data_section_table_end = .
                0x000000e4                __bss_section_table = .
                0x000000e4        0x4 LONG 0x1000000c ADDR (.bss)
                0x000000e8        0x4 LONG 0x30 SIZEOF (.bss)
                0x000000ec        0x4 LONG 0x2007c000 ADDR (.bss_RAM2)
                0x000000f0        0x4 LONG 0x0 SIZEOF (.bss_RAM2)
                0x000000f4                __bss_section_table_end = .
                0x000000f4                __section_table_end = .
 *(.after_vectors*)
 .after_vectors
                0x000000f4      0x130 ./src/cr_startup_lpc175x_6x.o
                0x000000f4                data_init
                0x00000138                bss_init
                0x00000170                ResetISR
                0x000001e8                NMI_Handler
                0x000001ee                HardFault_Handler
                0x000001f4                MemManage_Handler
                0x000001fa                BusFault_Handler
                0x00000200                UsageFault_Handler
                0x00000206                SVC_Handler
                0x0000020c                DebugMon_Handler
                0x00000212                PendSV_Handler
                0x00000218                SysTick_Handler
                0x0000021e                EINT3_IRQHandler
                0x0000021e                CANActivity_IRQHandler
                0x0000021e                TIMER3_IRQHandler
                0x0000021e                UART0_IRQHandler
                0x0000021e                UART1_IRQHandler
                0x0000021e                EINT2_IRQHandler
                0x0000021e                USBActivity_IRQHandler
                0x0000021e                IntDefaultHandler
                0x0000021e                I2C0_IRQHandler
                0x0000021e                I2C1_IRQHandler
                0x0000021e                PLL1_IRQHandler
                0x0000021e                SSP0_IRQHandler
                0x0000021e                I2S_IRQHandler
                0x0000021e                I2C2_IRQHandler
                0x0000021e                RTC_IRQHandler
                0x0000021e                SPI_IRQHandler
                0x0000021e                RIT_IRQHandler
                0x0000021e                EINT1_IRQHandler
                0x0000021e                UART2_IRQHandler
                0x0000021e                ADC_IRQHandler
                0x0000021e                SSP1_IRQHandler
                0x0000021e                USB_IRQHandler
                0x0000021e                BOD_IRQHandler
                0x0000021e                CAN_IRQHandler
                0x0000021e                WDT_IRQHandler
                0x0000021e                PWM1_IRQHandler
                0x0000021e                QEI_IRQHandler
                0x0000021e                PLL0_IRQHandler
                0x0000021e                DMA_IRQHandler
                0x0000021e                TIMER2_IRQHandler
                0x0000021e                UART3_IRQHandler
                0x0000021e                MCPWM_IRQHandler
                0x0000021e                ENET_IRQHandler
                0x000002fc                . = 0x2fc
 *fill*         0x00000224       0xd8 ff
                0x000002fc                PROVIDE (__CRP_WORD_START__ = .)
 *(.crp)
 .crp           0x000002fc        0x4 ./src/crp.o
                0x000002fc                CRP_WORD
                0x00000300                PROVIDE (__CRP_WORD_END__ = .)
                0x00000001                ASSERT (! ((__CRP_WORD_START__ == __CRP_WORD_END__)), Linker CRP Enabled, but no CRP_WORD provided within application)
 *(.text*)
 .text.NVIC_EnableIRQ
                0x00000300       0x30 ./src/tp_final.o
 .text.NVIC_DisableIRQ
                0x00000330       0x34 ./src/tp_final.o
 .text.LCD_SetUp
                0x00000364      0x118 ./src/tp_final.o
                0x00000364                LCD_SetUp
 .text.DELAY_us
                0x0000047c       0x42 ./src/tp_final.o
                0x0000047c                DELAY_us
 .text.DELAY_ms
                0x000004be       0x2e ./src/tp_final.o
                0x000004be                DELAY_ms
 .text.GPIO_PinDirection
                0x000004ec       0x6a ./src/tp_final.o
                0x000004ec                GPIO_PinDirection
 *fill*         0x00000556        0x2 ff
 .text.main     0x00000558      0x22c ./src/tp_final.o
                0x00000558                main
 .text.conf_pines_sensor
                0x00000784       0x5a ./src/tp_final.o
                0x00000784                conf_pines_sensor
 .text.conf_pines_leds
                0x000007de       0x80 ./src/tp_final.o
                0x000007de                conf_pines_leds
 *fill*         0x0000085e        0x2 ff
 .text.conf_adc
                0x00000860       0x84 ./src/tp_final.o
                0x00000860                conf_adc
 .text.config_timer3
                0x000008e4       0x58 ./src/tp_final.o
                0x000008e4                config_timer3
 .text.config_timer0
                0x0000093c       0x64 ./src/tp_final.o
                0x0000093c                config_timer0
 .text.disparo_medicion
                0x000009a0       0x1c ./src/tp_final.o
                0x000009a0                disparo_medicion
 .text.config_timer1
                0x000009bc       0x60 ./src/tp_final.o
                0x000009bc                config_timer1
 .text.TIMER1_IRQHandler
                0x00000a1c       0x2c ./src/tp_final.o
                0x00000a1c                TIMER1_IRQHandler
 .text.config_timer2
                0x00000a48       0x5c ./src/tp_final.o
                0x00000a48                config_timer2
 .text.comparacion
                0x00000aa4      0x178 ./src/tp_final.o
                0x00000aa4                comparacion
 .text.conf_int_pulsador
                0x00000c1c       0x60 ./src/tp_final.o
                0x00000c1c                conf_int_pulsador
 .text.EINT0_IRQHandler
                0x00000c7c       0x34 ./src/tp_final.o
                0x00000c7c                EINT0_IRQHandler
 .text.TIMER0_IRQHandler
                0x00000cb0       0x7c ./src/tp_final.o
                0x00000cb0                TIMER0_IRQHandler
 .text.act_timer
                0x00000d2c       0x58 ./src/tp_final.o
                0x00000d2c                act_timer
 .text.conf_pin_buzzer
                0x00000d84       0x2a ./src/tp_final.o
                0x00000d84                conf_pin_buzzer
 *fill*         0x00000dae        0x2 ff
 .text.off_buzzer
                0x00000db0       0x54 ./src/tp_final.o
                0x00000db0                off_buzzer
 .text.conf_pin_uart
                0x00000e04       0x36 ./src/tp_final.o
                0x00000e04                conf_pin_uart
 *fill*         0x00000e3a        0x2 ff
 .text.conf_uart
                0x00000e3c       0x44 ./src/tp_final.o
                0x00000e3c                conf_uart
 .text.enviar_info_uart
                0x00000e80       0xec ./src/tp_final.o
                0x00000e80                enviar_info_uart
 .text.SystemInit
                0x00000f6c       0xd8 C:\EDIII\Medidor_distancia\CMSISv2p00_LPC17xx\Debug\libCMSISv2p00_LPC17xx.a(system_LPC17xx.o)
                0x00000f6c                SystemInit
 .text.GPIO_GetPointer
                0x00001044       0x12 C:\EDIII\Medidor_distancia\CMSISv2p00_LPC17xx\Debug\libCMSISv2p00_LPC17xx.a(lpc17xx_gpio.o)
 .text.GPIO_SetDir
                0x00001056       0x18 C:\EDIII\Medidor_distancia\CMSISv2p00_LPC17xx\Debug\libCMSISv2p00_LPC17xx.a(lpc17xx_gpio.o)
                0x00001056                GPIO_SetDir
 *fill*         0x0000106e        0x2 ff
 .text.PINSEL_ConfigPin
                0x00001070       0x7c C:\EDIII\Medidor_distancia\CMSISv2p00_LPC17xx\Debug\libCMSISv2p00_LPC17xx.a(lpc17xx_pinsel.o)
                0x00001070                PINSEL_ConfigPin
 .text.TIM_Init
                0x000010ec      0x15c C:\EDIII\Medidor_distancia\CMSISv2p00_LPC17xx\Debug\libCMSISv2p00_LPC17xx.a(lpc17xx_timer.o)
                0x000010ec                TIM_Init
 .text.TIM_Cmd  0x00001248       0x48 C:\EDIII\Medidor_distancia\CMSISv2p00_LPC17xx\Debug\libCMSISv2p00_LPC17xx.a(lpc17xx_timer.o)
                0x00001248                TIM_Cmd
 .text.TIM_ResetCounter
                0x00001290       0x44 C:\EDIII\Medidor_distancia\CMSISv2p00_LPC17xx\Debug\libCMSISv2p00_LPC17xx.a(lpc17xx_timer.o)
                0x00001290                TIM_ResetCounter
 .text.TIM_ConfigMatch
                0x000012d4       0xcc C:\EDIII\Medidor_distancia\CMSISv2p00_LPC17xx\Debug\libCMSISv2p00_LPC17xx.a(lpc17xx_timer.o)
                0x000012d4                TIM_ConfigMatch
 .text.TIM_UpdateMatchValue
                0x000013a0       0x54 C:\EDIII\Medidor_distancia\CMSISv2p00_LPC17xx\Debug\libCMSISv2p00_LPC17xx.a(lpc17xx_timer.o)
                0x000013a0                TIM_UpdateMatchValue
 .text.UART_Init
                0x000013f4      0x28c C:\EDIII\Medidor_distancia\CMSISv2p00_LPC17xx\Debug\libCMSISv2p00_LPC17xx.a(lpc17xx_uart.o)
                0x000013f4                UART_Init
 .text.UART_ConfigStructInit
                0x00001680       0x12 C:\EDIII\Medidor_distancia\CMSISv2p00_LPC17xx\Debug\libCMSISv2p00_LPC17xx.a(lpc17xx_uart.o)
                0x00001680                UART_ConfigStructInit
 *fill*         0x00001692        0x2 ff
 .text.UART_SendByte
                0x00001694       0x3c C:\EDIII\Medidor_distancia\CMSISv2p00_LPC17xx\Debug\libCMSISv2p00_LPC17xx.a(lpc17xx_uart.o)
                0x00001694                UART_SendByte
 .text.UART_Send
                0x000016d0       0x84 C:\EDIII\Medidor_distancia\CMSISv2p00_LPC17xx\Debug\libCMSISv2p00_LPC17xx.a(lpc17xx_uart.o)
                0x000016d0                UART_Send
 .text.UART_FIFOConfig
                0x00001754       0xa8 C:\EDIII\Medidor_distancia\CMSISv2p00_LPC17xx\Debug\libCMSISv2p00_LPC17xx.a(lpc17xx_uart.o)
                0x00001754                UART_FIFOConfig
 .text.UART_FIFOConfigStructInit
                0x000017fc        0xe C:\EDIII\Medidor_distancia\CMSISv2p00_LPC17xx\Debug\libCMSISv2p00_LPC17xx.a(lpc17xx_uart.o)
                0x000017fc                UART_FIFOConfigStructInit
 *fill*         0x0000180a        0x2 ff
 .text.UART_TxCmd
                0x0000180c       0x60 C:\EDIII\Medidor_distancia\CMSISv2p00_LPC17xx\Debug\libCMSISv2p00_LPC17xx.a(lpc17xx_uart.o)
                0x0000180c                UART_TxCmd
 .text.CLKPWR_SetPCLKDiv
                0x0000186c       0x4c C:\EDIII\Medidor_distancia\CMSISv2p00_LPC17xx\Debug\libCMSISv2p00_LPC17xx.a(lpc17xx_clkpwr.o)
                0x0000186c                CLKPWR_SetPCLKDiv
 .text.CLKPWR_GetPCLKSEL
                0x000018b8       0x20 C:\EDIII\Medidor_distancia\CMSISv2p00_LPC17xx\Debug\libCMSISv2p00_LPC17xx.a(lpc17xx_clkpwr.o)
                0x000018b8                CLKPWR_GetPCLKSEL
 .text.CLKPWR_GetPCLK
                0x000018d8       0x20 C:\EDIII\Medidor_distancia\CMSISv2p00_LPC17xx\Debug\libCMSISv2p00_LPC17xx.a(lpc17xx_clkpwr.o)
                0x000018d8                CLKPWR_GetPCLK
 .text.CLKPWR_ConfigPPWR
                0x000018f8       0x34 C:\EDIII\Medidor_distancia\CMSISv2p00_LPC17xx\Debug\libCMSISv2p00_LPC17xx.a(lpc17xx_clkpwr.o)
                0x000018f8                CLKPWR_ConfigPPWR
 .text.check_failed
                0x0000192c        0x2 C:\EDIII\Medidor_distancia\CMSISv2p00_LPC17xx\Debug\libCMSISv2p00_LPC17xx.a(lpc17xx_libcfg_default.o)
                0x0000192c                check_failed
 .text.__weak_main
                0x0000192e        0x4 c:/nxp/mcuxpressoide_11.6.1_8255/ide/plugins/com.nxp.mcuxpresso.tools.win32_11.6.1.202207200623/tools/bin/../lib/gcc/arm-none-eabi/10.3.1/../../../../arm-none-eabi/lib/thumb/v7-m/nofp\libcr_c.a(__weak__main.o)
                0x0000192e                __weak_main
                0x0000192e                __main
 .text.__aeabi_division_uldivmod
                0x00001932      0x174 c:/nxp/mcuxpressoide_11.6.1_8255/ide/plugins/com.nxp.mcuxpresso.tools.win32_11.6.1.202207200623/tools/bin/../lib/gcc/arm-none-eabi/10.3.1/thumb/v7-m/nofp\libcr_eabihelpers.a(division_64.o)
                0x00001932                __aeabi_uldivmod
                0x00001936                __bhs_ldivmod1
 .text.__aeabi_division_idiv0
                0x00001aa6        0x2 c:/nxp/mcuxpressoide_11.6.1_8255/ide/plugins/com.nxp.mcuxpresso.tools.win32_11.6.1.202207200623/tools/bin/../lib/gcc/arm-none-eabi/10.3.1/thumb/v7-m/nofp\libcr_eabihelpers.a(division_idiv0.o)
                0x00001aa6                __aeabi_idiv0
 *(.rodata .rodata.* .constdata .constdata.*)
 .rodata.main.str1.4
                0x00001aa8       0x23 ./src/tp_final.o
 *fill*         0x00001acb        0x1 ff
 .rodata.enviar_info_uart.str1.4
                0x00001acc       0xd3 ./src/tp_final.o
 .rodata.TIM_GetIntStatus.str1.1
                0x00001b9f       0x10 C:\EDIII\Medidor_distancia\CMSISv2p00_LPC17xx\Debug\libCMSISv2p00_LPC17xx.a(lpc17xx_timer.o)
 .rodata.UART_Init.str1.1
                0x00001baf        0xf C:\EDIII\Medidor_distancia\CMSISv2p00_LPC17xx\Debug\libCMSISv2p00_LPC17xx.a(lpc17xx_uart.o)
 .rodata.CSWTCH.5
                0x00001bbe        0x4 C:\EDIII\Medidor_distancia\CMSISv2p00_LPC17xx\Debug\libCMSISv2p00_LPC17xx.a(lpc17xx_clkpwr.o)
                0x00001bc4                . = ALIGN (0x4)
 *fill*         0x00001bc2        0x2 ff

.glue_7         0x00001bc4        0x0
 .glue_7        0x00001bc4        0x0 linker stubs

.glue_7t        0x00001bc4        0x0
 .glue_7t       0x00001bc4        0x0 linker stubs

.vfp11_veneer   0x00001bc4        0x0
 .vfp11_veneer  0x00001bc4        0x0 linker stubs

.v4_bx          0x00001bc4        0x0
 .v4_bx         0x00001bc4        0x0 linker stubs

.iplt           0x00001bc4        0x0
 .iplt          0x00001bc4        0x0 ./src/cr_startup_lpc175x_6x.o

.rel.dyn        0x00001bc4        0x0
 .rel.iplt      0x00001bc4        0x0 ./src/cr_startup_lpc175x_6x.o

.ARM.extab
 *(.ARM.extab* .gnu.linkonce.armextab.*)

.ARM.exidx      0x00001bc4        0x0
                0x00001bc4                __exidx_start = .
 *(.ARM.exidx* .gnu.linkonce.armexidx.*)
                0x00001bc4                __exidx_end = .
                0x00001bc4                _etext = .

.data_RAM2      0x2007c000        0x0 load address 0x00001bc4
 FILL mask 0xff
                [!provide]                PROVIDE (__start_data_RAM2 = .)
                [!provide]                PROVIDE (__start_data_RamAHB32 = .)
 *(.ramfunc.$RAM2)
 *(.ramfunc.$RamAHB32)
 *(.data.$RAM2)
 *(.data.$RamAHB32)
 *(.data.$RAM2.*)
 *(.data.$RamAHB32.*)
                0x2007c000                . = ALIGN (0x4)
                [!provide]                PROVIDE (__end_data_RAM2 = .)
                [!provide]                PROVIDE (__end_data_RamAHB32 = .)

.uninit_RESERVED
                0x10000000        0x0
                0x10000000                _start_uninit_RESERVED = .
 *(.bss.$RESERVED*)
                0x10000000                . = ALIGN (0x4)
                0x10000000                _end_uninit_RESERVED = .

.data           0x10000000        0xc load address 0x00001bc4
 FILL mask 0xff
                0x10000000                _data = .
                [!provide]                PROVIDE (__start_data_RAM = .)
                [!provide]                PROVIDE (__start_data_RamLoc32 = .)
 *(vtable)
 *(.ramfunc*)
 *(CodeQuickAccess)
 *(DataQuickAccess)
 *(RamFunction)
 *(.data*)
 .data.dist_limite
                0x10000000        0x1 ./src/tp_final.o
                0x10000000                dist_limite
 *fill*         0x10000001        0x3 ff
 .data.nivel_actual
                0x10000004        0x4 ./src/tp_final.o
                0x10000004                nivel_actual
 .data.SystemCoreClock
                0x10000008        0x4 C:\EDIII\Medidor_distancia\CMSISv2p00_LPC17xx\Debug\libCMSISv2p00_LPC17xx.a(system_LPC17xx.o)
                0x10000008                SystemCoreClock
                0x1000000c                . = ALIGN (0x4)
                0x1000000c                _edata = .
                [!provide]                PROVIDE (__end_data_RAM = .)
                [!provide]                PROVIDE (__end_data_RamLoc32 = .)

.igot.plt       0x1000000c        0x0 load address 0x00001bd0
 .igot.plt      0x1000000c        0x0 ./src/cr_startup_lpc175x_6x.o

.bss_RAM2       0x2007c000        0x0
                [!provide]                PROVIDE (__start_bss_RAM2 = .)
                [!provide]                PROVIDE (__start_bss_RamAHB32 = .)
 *(.bss.$RAM2)
 *(.bss.$RamAHB32)
 *(.bss.$RAM2.*)
 *(.bss.$RamAHB32.*)
                0x2007c000                . = ALIGN ((. != 0x0)?0x4:0x1)
                [!provide]                PROVIDE (__end_bss_RAM2 = .)
                [!provide]                PROVIDE (__end_bss_RamAHB32 = .)

.bss            0x1000000c       0x30
                0x1000000c                _bss = .
                [!provide]                PROVIDE (__start_bss_RAM = .)
                [!provide]                PROVIDE (__start_bss_RamLoc32 = .)
 *(.bss*)
 .bss.LCDConfig
                0x1000000c        0xe ./src/tp_final.o
                0x1000000c                LCDConfig
 .bss.ADC0Value
                0x1000001a        0x2 ./src/tp_final.o
                0x1000001a                ADC0Value
 .bss.modo_seteo
                0x1000001c        0x1 ./src/tp_final.o
                0x1000001c                modo_seteo
 *fill*         0x1000001d        0x3 
 .bss.tiempo_echo
                0x10000020        0x4 ./src/tp_final.o
                0x10000020                tiempo_echo
 .bss.dist_medida
                0x10000024        0x4 ./src/tp_final.o
                0x10000024                dist_medida
 .bss.nivel_anterior
                0x10000028        0x4 ./src/tp_final.o
                0x10000028                nivel_anterior
 .bss.cont_nivel
                0x1000002c        0x4 ./src/tp_final.o
                0x1000002c                cont_nivel
 .bss.cont_nuevo_nivel
                0x10000030        0x4 ./src/tp_final.o
                0x10000030                cont_nuevo_nivel
 .bss.debounce_cont
                0x10000034        0x4 ./src/tp_final.o
                0x10000034                debounce_cont
 .bss.seteo     0x10000038        0x1 ./src/tp_final.o
                0x10000038                seteo
 .bss.print_midiendo
                0x10000039        0x1 ./src/tp_final.o
                0x10000039                print_midiendo
 *(COMMON)
                0x1000003c                . = ALIGN (0x4)
 *fill*         0x1000003a        0x2 
                0x1000003c                _ebss = .
                [!provide]                PROVIDE (__end_bss_RAM = .)
                [!provide]                PROVIDE (__end_bss_RamLoc32 = .)
                [!provide]                PROVIDE (end = .)

.noinit_RAM2    0x2007c000        0x0
                [!provide]                PROVIDE (__start_noinit_RAM2 = .)
                [!provide]                PROVIDE (__start_noinit_RamAHB32 = .)
 *(.noinit.$RAM2)
 *(.noinit.$RamAHB32)
 *(.noinit.$RAM2.*)
 *(.noinit.$RamAHB32.*)
                0x2007c000                . = ALIGN (0x4)
                [!provide]                PROVIDE (__end_noinit_RAM2 = .)
                [!provide]                PROVIDE (__end_noinit_RamAHB32 = .)

.noinit         0x1000003c        0x0
                0x1000003c                _noinit = .
                [!provide]                PROVIDE (__start_noinit_RAM = .)
                [!provide]                PROVIDE (__start_noinit_RamLoc32 = .)
 *(.noinit*)
                0x1000003c                . = ALIGN (0x4)
                0x1000003c                _end_noinit = .
                [!provide]                PROVIDE (__end_noinit_RAM = .)
                [!provide]                PROVIDE (__end_noinit_RamLoc32 = .)
                [!provide]                PROVIDE (_pvHeapStart = DEFINED (__user_heap_base)?__user_heap_base:.)
                0x10008000                PROVIDE (_vStackTop = DEFINED (__user_stack_top)?__user_stack_top:(__top_RamLoc32 - 0x0))
                0xefff74c6                PROVIDE (__valid_user_code_checksum = (0x0 - ((((((_vStackTop + (ResetISR + 0x1)) + (NMI_Handler + 0x1)) + (HardFault_Handler + 0x1)) + (DEFINED (MemManage_Handler)?MemManage_Handler:0x0 + 0x1)) + (DEFINED (BusFault_Handler)?BusFault_Handler:0x0 + 0x1)) + (DEFINED (UsageFault_Handler)?UsageFault_Handler:0x0 + 0x1))))
                0x00000000                _image_start = LOADADDR (.text)
                0x00001bd0                _image_end = (LOADADDR (.data) + SIZEOF (.data))
                0x00001bd0                _image_size = (_image_end - _image_start)
OUTPUT(tp_final.axf elf32-littlearm)
LOAD linker stubs

.debug_info     0x00000000     0x6d06
 .debug_info    0x00000000      0x27f ./src/cr_startup_lpc175x_6x.o
 .debug_info    0x0000027f       0x40 ./src/crp.o
 .debug_info    0x000002bf     0x217b ./src/tp_final.o
 .debug_info    0x0000243a      0x347 C:\EDIII\Medidor_distancia\CMSISv2p00_LPC17xx\Debug\libCMSISv2p00_LPC17xx.a(system_LPC17xx.o)
 .debug_info    0x00002781      0xfb3 C:\EDIII\Medidor_distancia\CMSISv2p00_LPC17xx\Debug\libCMSISv2p00_LPC17xx.a(lpc17xx_gpio.o)
 .debug_info    0x00003734      0x544 C:\EDIII\Medidor_distancia\CMSISv2p00_LPC17xx\Debug\libCMSISv2p00_LPC17xx.a(lpc17xx_pinsel.o)
 .debug_info    0x00003c78      0xc54 C:\EDIII\Medidor_distancia\CMSISv2p00_LPC17xx\Debug\libCMSISv2p00_LPC17xx.a(lpc17xx_timer.o)
 .debug_info    0x000048cc     0x1c9c C:\EDIII\Medidor_distancia\CMSISv2p00_LPC17xx\Debug\libCMSISv2p00_LPC17xx.a(lpc17xx_uart.o)
 .debug_info    0x00006568      0x6ca C:\EDIII\Medidor_distancia\CMSISv2p00_LPC17xx\Debug\libCMSISv2p00_LPC17xx.a(lpc17xx_clkpwr.o)
 .debug_info    0x00006c32       0xd4 C:\EDIII\Medidor_distancia\CMSISv2p00_LPC17xx\Debug\libCMSISv2p00_LPC17xx.a(lpc17xx_libcfg_default.o)

.debug_abbrev   0x00000000     0x1376
 .debug_abbrev  0x00000000      0x122 ./src/cr_startup_lpc175x_6x.o
 .debug_abbrev  0x00000122       0x38 ./src/crp.o
 .debug_abbrev  0x0000015a      0x3c0 ./src/tp_final.o
 .debug_abbrev  0x0000051a      0x10e C:\EDIII\Medidor_distancia\CMSISv2p00_LPC17xx\Debug\libCMSISv2p00_LPC17xx.a(system_LPC17xx.o)
 .debug_abbrev  0x00000628      0x303 C:\EDIII\Medidor_distancia\CMSISv2p00_LPC17xx\Debug\libCMSISv2p00_LPC17xx.a(lpc17xx_gpio.o)
 .debug_abbrev  0x0000092b      0x1b9 C:\EDIII\Medidor_distancia\CMSISv2p00_LPC17xx\Debug\libCMSISv2p00_LPC17xx.a(lpc17xx_pinsel.o)
 .debug_abbrev  0x00000ae4      0x2c8 C:\EDIII\Medidor_distancia\CMSISv2p00_LPC17xx\Debug\libCMSISv2p00_LPC17xx.a(lpc17xx_timer.o)
 .debug_abbrev  0x00000dac      0x364 C:\EDIII\Medidor_distancia\CMSISv2p00_LPC17xx\Debug\libCMSISv2p00_LPC17xx.a(lpc17xx_uart.o)
 .debug_abbrev  0x00001110      0x1f1 C:\EDIII\Medidor_distancia\CMSISv2p00_LPC17xx\Debug\libCMSISv2p00_LPC17xx.a(lpc17xx_clkpwr.o)
 .debug_abbrev  0x00001301       0x75 C:\EDIII\Medidor_distancia\CMSISv2p00_LPC17xx\Debug\libCMSISv2p00_LPC17xx.a(lpc17xx_libcfg_default.o)

.debug_aranges  0x00000000      0x568
 .debug_aranges
                0x00000000       0x80 ./src/cr_startup_lpc175x_6x.o
 .debug_aranges
                0x00000080       0x18 ./src/crp.o
 .debug_aranges
                0x00000098      0x1a0 ./src/tp_final.o
 .debug_aranges
                0x00000238       0x28 C:\EDIII\Medidor_distancia\CMSISv2p00_LPC17xx\Debug\libCMSISv2p00_LPC17xx.a(system_LPC17xx.o)
 .debug_aranges
                0x00000260       0xe8 C:\EDIII\Medidor_distancia\CMSISv2p00_LPC17xx\Debug\libCMSISv2p00_LPC17xx.a(lpc17xx_gpio.o)
 .debug_aranges
                0x00000348       0x30 C:\EDIII\Medidor_distancia\CMSISv2p00_LPC17xx\Debug\libCMSISv2p00_LPC17xx.a(lpc17xx_pinsel.o)
 .debug_aranges
                0x00000378       0x80 C:\EDIII\Medidor_distancia\CMSISv2p00_LPC17xx\Debug\libCMSISv2p00_LPC17xx.a(lpc17xx_timer.o)
 .debug_aranges
                0x000003f8       0xf8 C:\EDIII\Medidor_distancia\CMSISv2p00_LPC17xx\Debug\libCMSISv2p00_LPC17xx.a(lpc17xx_uart.o)
 .debug_aranges
                0x000004f0       0x58 C:\EDIII\Medidor_distancia\CMSISv2p00_LPC17xx\Debug\libCMSISv2p00_LPC17xx.a(lpc17xx_clkpwr.o)
 .debug_aranges
                0x00000548       0x20 C:\EDIII\Medidor_distancia\CMSISv2p00_LPC17xx\Debug\libCMSISv2p00_LPC17xx.a(lpc17xx_libcfg_default.o)

.debug_ranges   0x00000000      0x5d8
 .debug_ranges  0x00000000       0x70 ./src/cr_startup_lpc175x_6x.o
 .debug_ranges  0x00000070      0x190 ./src/tp_final.o
 .debug_ranges  0x00000200       0x18 C:\EDIII\Medidor_distancia\CMSISv2p00_LPC17xx\Debug\libCMSISv2p00_LPC17xx.a(system_LPC17xx.o)
 .debug_ranges  0x00000218       0xf0 C:\EDIII\Medidor_distancia\CMSISv2p00_LPC17xx\Debug\libCMSISv2p00_LPC17xx.a(lpc17xx_gpio.o)
 .debug_ranges  0x00000308       0x60 C:\EDIII\Medidor_distancia\CMSISv2p00_LPC17xx\Debug\libCMSISv2p00_LPC17xx.a(lpc17xx_pinsel.o)
 .debug_ranges  0x00000368       0xe8 C:\EDIII\Medidor_distancia\CMSISv2p00_LPC17xx\Debug\libCMSISv2p00_LPC17xx.a(lpc17xx_timer.o)
 .debug_ranges  0x00000450      0x130 C:\EDIII\Medidor_distancia\CMSISv2p00_LPC17xx\Debug\libCMSISv2p00_LPC17xx.a(lpc17xx_uart.o)
 .debug_ranges  0x00000580       0x48 C:\EDIII\Medidor_distancia\CMSISv2p00_LPC17xx\Debug\libCMSISv2p00_LPC17xx.a(lpc17xx_clkpwr.o)
 .debug_ranges  0x000005c8       0x10 C:\EDIII\Medidor_distancia\CMSISv2p00_LPC17xx\Debug\libCMSISv2p00_LPC17xx.a(lpc17xx_libcfg_default.o)

.debug_macro    0x00000000     0x436b
 .debug_macro   0x00000000       0x1d ./src/cr_startup_lpc175x_6x.o
 .debug_macro   0x0000001d      0xa7e ./src/cr_startup_lpc175x_6x.o
 .debug_macro   0x00000a9b       0x1a ./src/crp.o
 .debug_macro   0x00000ab5       0x34 ./src/crp.o
 .debug_macro   0x00000ae9      0x106 ./src/tp_final.o
 .debug_macro   0x00000bef       0x1c ./src/tp_final.o
 .debug_macro   0x00000c0b       0x2e ./src/tp_final.o
 .debug_macro   0x00000c39       0x10 ./src/tp_final.o
 .debug_macro   0x00000c49      0x12e ./src/tp_final.o
 .debug_macro   0x00000d77      0x5b3 ./src/tp_final.o
 .debug_macro   0x0000132a       0x18 ./src/tp_final.o
 .debug_macro   0x00001342      0x7af ./src/tp_final.o
 .debug_macro   0x00001af1      0x2c7 ./src/tp_final.o
 .debug_macro   0x00001db8       0x63 ./src/tp_final.o
 .debug_macro   0x00001e1b       0x40 ./src/tp_final.o
 .debug_macro   0x00001e5b      0x145 ./src/tp_final.o
 .debug_macro   0x00001fa0       0x22 ./src/tp_final.o
 .debug_macro   0x00001fc2       0x4c ./src/tp_final.o
 .debug_macro   0x0000200e       0xea ./src/tp_final.o
 .debug_macro   0x000020f8      0x33a ./src/tp_final.o
 .debug_macro   0x00002432      0x21d ./src/tp_final.o
 .debug_macro   0x0000264f       0x22 ./src/tp_final.o
 .debug_macro   0x00002671       0x9a ./src/tp_final.o
 .debug_macro   0x0000270b       0x1c ./src/tp_final.o
 .debug_macro   0x00002727      0x12b C:\EDIII\Medidor_distancia\CMSISv2p00_LPC17xx\Debug\libCMSISv2p00_LPC17xx.a(system_LPC17xx.o)
 .debug_macro   0x00002852      0xa78 C:\EDIII\Medidor_distancia\CMSISv2p00_LPC17xx\Debug\libCMSISv2p00_LPC17xx.a(system_LPC17xx.o)
 .debug_macro   0x000032ca       0x96 C:\EDIII\Medidor_distancia\CMSISv2p00_LPC17xx\Debug\libCMSISv2p00_LPC17xx.a(lpc17xx_gpio.o)
 .debug_macro   0x00003360       0xdd C:\EDIII\Medidor_distancia\CMSISv2p00_LPC17xx\Debug\libCMSISv2p00_LPC17xx.a(lpc17xx_gpio.o)
 .debug_macro   0x0000343d       0x8d C:\EDIII\Medidor_distancia\CMSISv2p00_LPC17xx\Debug\libCMSISv2p00_LPC17xx.a(lpc17xx_pinsel.o)
 .debug_macro   0x000034ca      0x13f C:\EDIII\Medidor_distancia\CMSISv2p00_LPC17xx\Debug\libCMSISv2p00_LPC17xx.a(lpc17xx_pinsel.o)
 .debug_macro   0x00003609       0xa8 C:\EDIII\Medidor_distancia\CMSISv2p00_LPC17xx\Debug\libCMSISv2p00_LPC17xx.a(lpc17xx_timer.o)
 .debug_macro   0x000036b1       0xe4 C:\EDIII\Medidor_distancia\CMSISv2p00_LPC17xx\Debug\libCMSISv2p00_LPC17xx.a(lpc17xx_timer.o)
 .debug_macro   0x00003795      0x2f7 C:\EDIII\Medidor_distancia\CMSISv2p00_LPC17xx\Debug\libCMSISv2p00_LPC17xx.a(lpc17xx_timer.o)
 .debug_macro   0x00003a8c       0x9f C:\EDIII\Medidor_distancia\CMSISv2p00_LPC17xx\Debug\libCMSISv2p00_LPC17xx.a(lpc17xx_uart.o)
 .debug_macro   0x00003b2b      0x334 C:\EDIII\Medidor_distancia\CMSISv2p00_LPC17xx\Debug\libCMSISv2p00_LPC17xx.a(lpc17xx_uart.o)
 .debug_macro   0x00003e5f       0x8d C:\EDIII\Medidor_distancia\CMSISv2p00_LPC17xx\Debug\libCMSISv2p00_LPC17xx.a(lpc17xx_clkpwr.o)
 .debug_macro   0x00003eec      0x2f1 C:\EDIII\Medidor_distancia\CMSISv2p00_LPC17xx\Debug\libCMSISv2p00_LPC17xx.a(lpc17xx_clkpwr.o)
 .debug_macro   0x000041dd       0x5a C:\EDIII\Medidor_distancia\CMSISv2p00_LPC17xx\Debug\libCMSISv2p00_LPC17xx.a(lpc17xx_libcfg_default.o)
 .debug_macro   0x00004237       0x5d C:\EDIII\Medidor_distancia\CMSISv2p00_LPC17xx\Debug\libCMSISv2p00_LPC17xx.a(lpc17xx_libcfg_default.o)
 .debug_macro   0x00004294       0xd7 C:\EDIII\Medidor_distancia\CMSISv2p00_LPC17xx\Debug\libCMSISv2p00_LPC17xx.a(lpc17xx_libcfg_default.o)

.debug_line     0x00000000     0x42a5
 .debug_line    0x00000000      0x160 ./src/cr_startup_lpc175x_6x.o
 .debug_line    0x00000160       0xb1 ./src/crp.o
 .debug_line    0x00000211      0xf82 ./src/tp_final.o
 .debug_line    0x00001193      0x434 C:\EDIII\Medidor_distancia\CMSISv2p00_LPC17xx\Debug\libCMSISv2p00_LPC17xx.a(system_LPC17xx.o)
 .debug_line    0x000015c7      0x83c C:\EDIII\Medidor_distancia\CMSISv2p00_LPC17xx\Debug\libCMSISv2p00_LPC17xx.a(lpc17xx_gpio.o)
 .debug_line    0x00001e03      0x35f C:\EDIII\Medidor_distancia\CMSISv2p00_LPC17xx\Debug\libCMSISv2p00_LPC17xx.a(lpc17xx_pinsel.o)
 .debug_line    0x00002162      0x929 C:\EDIII\Medidor_distancia\CMSISv2p00_LPC17xx\Debug\libCMSISv2p00_LPC17xx.a(lpc17xx_timer.o)
 .debug_line    0x00002a8b     0x11ce C:\EDIII\Medidor_distancia\CMSISv2p00_LPC17xx\Debug\libCMSISv2p00_LPC17xx.a(lpc17xx_uart.o)
 .debug_line    0x00003c59      0x449 C:\EDIII\Medidor_distancia\CMSISv2p00_LPC17xx\Debug\libCMSISv2p00_LPC17xx.a(lpc17xx_clkpwr.o)
 .debug_line    0x000040a2      0x203 C:\EDIII\Medidor_distancia\CMSISv2p00_LPC17xx\Debug\libCMSISv2p00_LPC17xx.a(lpc17xx_libcfg_default.o)

.debug_str      0x00000000     0xf98f
 .debug_str     0x00000000     0x2e96 ./src/cr_startup_lpc175x_6x.o
                               0x2ea9 (size before relaxing)
 .debug_str     0x00002e96       0xe9 ./src/crp.o
                               0x2dca (size before relaxing)
 .debug_str     0x00002f7f     0xa273 ./src/tp_final.o
                               0xcfec (size before relaxing)
 .debug_str     0x0000d1f2      0x422 C:\EDIII\Medidor_distancia\CMSISv2p00_LPC17xx\Debug\libCMSISv2p00_LPC17xx.a(system_LPC17xx.o)
                               0x889a (size before relaxing)
 .debug_str     0x0000d614      0x467 C:\EDIII\Medidor_distancia\CMSISv2p00_LPC17xx\Debug\libCMSISv2p00_LPC17xx.a(lpc17xx_gpio.o)
                               0x8df3 (size before relaxing)
 .debug_str     0x0000da7b      0x107 C:\EDIII\Medidor_distancia\CMSISv2p00_LPC17xx\Debug\libCMSISv2p00_LPC17xx.a(lpc17xx_pinsel.o)
                               0x8d0c (size before relaxing)
 .debug_str     0x0000db82     0x1535 C:\EDIII\Medidor_distancia\CMSISv2p00_LPC17xx\Debug\libCMSISv2p00_LPC17xx.a(lpc17xx_timer.o)
                               0xaab9 (size before relaxing)
 .debug_str     0x0000f0b7      0x7bd C:\EDIII\Medidor_distancia\CMSISv2p00_LPC17xx\Debug\libCMSISv2p00_LPC17xx.a(lpc17xx_uart.o)
                               0xbb49 (size before relaxing)
 .debug_str     0x0000f874       0xee C:\EDIII\Medidor_distancia\CMSISv2p00_LPC17xx\Debug\libCMSISv2p00_LPC17xx.a(lpc17xx_clkpwr.o)
                               0x9a94 (size before relaxing)
 .debug_str     0x0000f962       0x2d C:\EDIII\Medidor_distancia\CMSISv2p00_LPC17xx\Debug\libCMSISv2p00_LPC17xx.a(lpc17xx_libcfg_default.o)
                               0x46c1 (size before relaxing)

.comment        0x00000000       0x49
 .comment       0x00000000       0x49 ./src/cr_startup_lpc175x_6x.o
                                 0x4a (size before relaxing)
 .comment       0x00000049       0x4a ./src/crp.o
 .comment       0x00000049       0x4a ./src/tp_final.o
 .comment       0x00000049       0x4a C:\EDIII\Medidor_distancia\CMSISv2p00_LPC17xx\Debug\libCMSISv2p00_LPC17xx.a(system_LPC17xx.o)
 .comment       0x00000049       0x4a C:\EDIII\Medidor_distancia\CMSISv2p00_LPC17xx\Debug\libCMSISv2p00_LPC17xx.a(lpc17xx_gpio.o)
 .comment       0x00000049       0x4a C:\EDIII\Medidor_distancia\CMSISv2p00_LPC17xx\Debug\libCMSISv2p00_LPC17xx.a(lpc17xx_pinsel.o)
 .comment       0x00000049       0x4a C:\EDIII\Medidor_distancia\CMSISv2p00_LPC17xx\Debug\libCMSISv2p00_LPC17xx.a(lpc17xx_timer.o)
 .comment       0x00000049       0x4a C:\EDIII\Medidor_distancia\CMSISv2p00_LPC17xx\Debug\libCMSISv2p00_LPC17xx.a(lpc17xx_uart.o)
 .comment       0x00000049       0x4a C:\EDIII\Medidor_distancia\CMSISv2p00_LPC17xx\Debug\libCMSISv2p00_LPC17xx.a(lpc17xx_clkpwr.o)
 .comment       0x00000049       0x4a C:\EDIII\Medidor_distancia\CMSISv2p00_LPC17xx\Debug\libCMSISv2p00_LPC17xx.a(lpc17xx_libcfg_default.o)
 .comment       0x00000049       0x4a c:/nxp/mcuxpressoide_11.6.1_8255/ide/plugins/com.nxp.mcuxpresso.tools.win32_11.6.1.202207200623/tools/bin/../lib/gcc/arm-none-eabi/10.3.1/../../../../arm-none-eabi/lib/thumb/v7-m/nofp\libcr_c.a(__weak__main.o)

.ARM.attributes
                0x00000000       0x2b
 .ARM.attributes
                0x00000000       0x2d ./src/cr_startup_lpc175x_6x.o
 .ARM.attributes
                0x0000002d       0x2d ./src/crp.o
 .ARM.attributes
                0x0000005a       0x2d ./src/tp_final.o
 .ARM.attributes
                0x00000087       0x2d C:\EDIII\Medidor_distancia\CMSISv2p00_LPC17xx\Debug\libCMSISv2p00_LPC17xx.a(system_LPC17xx.o)
 .ARM.attributes
                0x000000b4       0x2d C:\EDIII\Medidor_distancia\CMSISv2p00_LPC17xx\Debug\libCMSISv2p00_LPC17xx.a(lpc17xx_gpio.o)
 .ARM.attributes
                0x000000e1       0x2d C:\EDIII\Medidor_distancia\CMSISv2p00_LPC17xx\Debug\libCMSISv2p00_LPC17xx.a(lpc17xx_pinsel.o)
 .ARM.attributes
                0x0000010e       0x2d C:\EDIII\Medidor_distancia\CMSISv2p00_LPC17xx\Debug\libCMSISv2p00_LPC17xx.a(lpc17xx_timer.o)
 .ARM.attributes
                0x0000013b       0x2d C:\EDIII\Medidor_distancia\CMSISv2p00_LPC17xx\Debug\libCMSISv2p00_LPC17xx.a(lpc17xx_uart.o)
 .ARM.attributes
                0x00000168       0x2d C:\EDIII\Medidor_distancia\CMSISv2p00_LPC17xx\Debug\libCMSISv2p00_LPC17xx.a(lpc17xx_clkpwr.o)
 .ARM.attributes
                0x00000195       0x2d C:\EDIII\Medidor_distancia\CMSISv2p00_LPC17xx\Debug\libCMSISv2p00_LPC17xx.a(lpc17xx_libcfg_default.o)
 .ARM.attributes
                0x000001c2       0x2d c:/nxp/mcuxpressoide_11.6.1_8255/ide/plugins/com.nxp.mcuxpresso.tools.win32_11.6.1.202207200623/tools/bin/../lib/gcc/arm-none-eabi/10.3.1/../../../../arm-none-eabi/lib/thumb/v7-m/nofp\libcr_c.a(__weak__main.o)
 .ARM.attributes
                0x000001ef       0x1b c:/nxp/mcuxpressoide_11.6.1_8255/ide/plugins/com.nxp.mcuxpresso.tools.win32_11.6.1.202207200623/tools/bin/../lib/gcc/arm-none-eabi/10.3.1/thumb/v7-m/nofp\libcr_eabihelpers.a(division_64.o)
 .ARM.attributes
                0x0000020a       0x1b c:/nxp/mcuxpressoide_11.6.1_8255/ide/plugins/com.nxp.mcuxpresso.tools.win32_11.6.1.202207200623/tools/bin/../lib/gcc/arm-none-eabi/10.3.1/thumb/v7-m/nofp\libcr_eabihelpers.a(division_idiv0.o)

.debug_frame    0x00000000     0x103c
 .debug_frame   0x00000000      0x170 ./src/cr_startup_lpc175x_6x.o
 .debug_frame   0x00000170      0x6e0 ./src/tp_final.o
 .debug_frame   0x00000850       0x3c C:\EDIII\Medidor_distancia\CMSISv2p00_LPC17xx\Debug\libCMSISv2p00_LPC17xx.a(system_LPC17xx.o)
 .debug_frame   0x0000088c      0x228 C:\EDIII\Medidor_distancia\CMSISv2p00_LPC17xx\Debug\libCMSISv2p00_LPC17xx.a(lpc17xx_gpio.o)
 .debug_frame   0x00000ab4       0x50 C:\EDIII\Medidor_distancia\CMSISv2p00_LPC17xx\Debug\libCMSISv2p00_LPC17xx.a(lpc17xx_pinsel.o)
 .debug_frame   0x00000b04      0x174 C:\EDIII\Medidor_distancia\CMSISv2p00_LPC17xx\Debug\libCMSISv2p00_LPC17xx.a(lpc17xx_timer.o)
 .debug_frame   0x00000c78      0x304 C:\EDIII\Medidor_distancia\CMSISv2p00_LPC17xx\Debug\libCMSISv2p00_LPC17xx.a(lpc17xx_uart.o)
 .debug_frame   0x00000f7c       0xa0 C:\EDIII\Medidor_distancia\CMSISv2p00_LPC17xx\Debug\libCMSISv2p00_LPC17xx.a(lpc17xx_clkpwr.o)
 .debug_frame   0x0000101c       0x20 C:\EDIII\Medidor_distancia\CMSISv2p00_LPC17xx\Debug\libCMSISv2p00_LPC17xx.a(lpc17xx_libcfg_default.o)

.debug_loc      0x00000000     0x27a5
 .debug_loc     0x00000000      0x88e C:\EDIII\Medidor_distancia\CMSISv2p00_LPC17xx\Debug\libCMSISv2p00_LPC17xx.a(lpc17xx_gpio.o)
 .debug_loc     0x0000088e      0x1a1 C:\EDIII\Medidor_distancia\CMSISv2p00_LPC17xx\Debug\libCMSISv2p00_LPC17xx.a(lpc17xx_pinsel.o)
 .debug_loc     0x00000a2f      0x6ca C:\EDIII\Medidor_distancia\CMSISv2p00_LPC17xx\Debug\libCMSISv2p00_LPC17xx.a(lpc17xx_timer.o)
 .debug_loc     0x000010f9     0x1488 C:\EDIII\Medidor_distancia\CMSISv2p00_LPC17xx\Debug\libCMSISv2p00_LPC17xx.a(lpc17xx_uart.o)
 .debug_loc     0x00002581      0x1fa C:\EDIII\Medidor_distancia\CMSISv2p00_LPC17xx\Debug\libCMSISv2p00_LPC17xx.a(lpc17xx_clkpwr.o)
 .debug_loc     0x0000277b       0x2a C:\EDIII\Medidor_distancia\CMSISv2p00_LPC17xx\Debug\libCMSISv2p00_LPC17xx.a(lpc17xx_libcfg_default.o)

Cross Reference Table

Symbol                                            File
ADC0Value                                         ./src/tp_final.o
ADC_IRQHandler                                    ./src/cr_startup_lpc175x_6x.o
ARR_LcdLineNumAddress_U8                          ./src/tp_final.o
BOD_IRQHandler                                    ./src/cr_startup_lpc175x_6x.o
BusFault_Handler                                  ./src/cr_startup_lpc175x_6x.o
CANActivity_IRQHandler                            ./src/cr_startup_lpc175x_6x.o
CAN_IRQHandler                                    ./src/cr_startup_lpc175x_6x.o
CLKPWR_ConfigPPWR                                 C:\EDIII\Medidor_distancia\CMSISv2p00_LPC17xx\Debug\libCMSISv2p00_LPC17xx.a(lpc17xx_clkpwr.o)
                                                  C:\EDIII\Medidor_distancia\CMSISv2p00_LPC17xx\Debug\libCMSISv2p00_LPC17xx.a(lpc17xx_uart.o)
                                                  C:\EDIII\Medidor_distancia\CMSISv2p00_LPC17xx\Debug\libCMSISv2p00_LPC17xx.a(lpc17xx_timer.o)
CLKPWR_DeepPowerDown                              C:\EDIII\Medidor_distancia\CMSISv2p00_LPC17xx\Debug\libCMSISv2p00_LPC17xx.a(lpc17xx_clkpwr.o)
CLKPWR_DeepSleep                                  C:\EDIII\Medidor_distancia\CMSISv2p00_LPC17xx\Debug\libCMSISv2p00_LPC17xx.a(lpc17xx_clkpwr.o)
CLKPWR_GetPCLK                                    C:\EDIII\Medidor_distancia\CMSISv2p00_LPC17xx\Debug\libCMSISv2p00_LPC17xx.a(lpc17xx_clkpwr.o)
                                                  C:\EDIII\Medidor_distancia\CMSISv2p00_LPC17xx\Debug\libCMSISv2p00_LPC17xx.a(lpc17xx_uart.o)
                                                  C:\EDIII\Medidor_distancia\CMSISv2p00_LPC17xx\Debug\libCMSISv2p00_LPC17xx.a(lpc17xx_timer.o)
CLKPWR_GetPCLKSEL                                 C:\EDIII\Medidor_distancia\CMSISv2p00_LPC17xx\Debug\libCMSISv2p00_LPC17xx.a(lpc17xx_clkpwr.o)
CLKPWR_PowerDown                                  C:\EDIII\Medidor_distancia\CMSISv2p00_LPC17xx\Debug\libCMSISv2p00_LPC17xx.a(lpc17xx_clkpwr.o)
CLKPWR_SetPCLKDiv                                 C:\EDIII\Medidor_distancia\CMSISv2p00_LPC17xx\Debug\libCMSISv2p00_LPC17xx.a(lpc17xx_clkpwr.o)
                                                  C:\EDIII\Medidor_distancia\CMSISv2p00_LPC17xx\Debug\libCMSISv2p00_LPC17xx.a(lpc17xx_timer.o)
CLKPWR_Sleep                                      C:\EDIII\Medidor_distancia\CMSISv2p00_LPC17xx\Debug\libCMSISv2p00_LPC17xx.a(lpc17xx_clkpwr.o)
CRP_WORD                                          ./src/crp.o
DELAY_ms                                          ./src/tp_final.o
DELAY_sec                                         ./src/tp_final.o
DELAY_us                                          ./src/tp_final.o
DMA_IRQHandler                                    ./src/cr_startup_lpc175x_6x.o
DebugMon_Handler                                  ./src/cr_startup_lpc175x_6x.o
EINT0_IRQHandler                                  ./src/tp_final.o
                                                  ./src/cr_startup_lpc175x_6x.o
EINT1_IRQHandler                                  ./src/cr_startup_lpc175x_6x.o
EINT2_IRQHandler                                  ./src/cr_startup_lpc175x_6x.o
EINT3_IRQHandler                                  ./src/cr_startup_lpc175x_6x.o
ENET_IRQHandler                                   ./src/cr_startup_lpc175x_6x.o
FIO_ByteClearValue                                C:\EDIII\Medidor_distancia\CMSISv2p00_LPC17xx\Debug\libCMSISv2p00_LPC17xx.a(lpc17xx_gpio.o)
FIO_ByteReadValue                                 C:\EDIII\Medidor_distancia\CMSISv2p00_LPC17xx\Debug\libCMSISv2p00_LPC17xx.a(lpc17xx_gpio.o)
FIO_ByteSetDir                                    C:\EDIII\Medidor_distancia\CMSISv2p00_LPC17xx\Debug\libCMSISv2p00_LPC17xx.a(lpc17xx_gpio.o)
FIO_ByteSetMask                                   C:\EDIII\Medidor_distancia\CMSISv2p00_LPC17xx\Debug\libCMSISv2p00_LPC17xx.a(lpc17xx_gpio.o)
FIO_ByteSetValue                                  C:\EDIII\Medidor_distancia\CMSISv2p00_LPC17xx\Debug\libCMSISv2p00_LPC17xx.a(lpc17xx_gpio.o)
FIO_ClearInt                                      C:\EDIII\Medidor_distancia\CMSISv2p00_LPC17xx\Debug\libCMSISv2p00_LPC17xx.a(lpc17xx_gpio.o)
FIO_ClearValue                                    C:\EDIII\Medidor_distancia\CMSISv2p00_LPC17xx\Debug\libCMSISv2p00_LPC17xx.a(lpc17xx_gpio.o)
FIO_GetIntStatus                                  C:\EDIII\Medidor_distancia\CMSISv2p00_LPC17xx\Debug\libCMSISv2p00_LPC17xx.a(lpc17xx_gpio.o)
FIO_HalfWordClearValue                            C:\EDIII\Medidor_distancia\CMSISv2p00_LPC17xx\Debug\libCMSISv2p00_LPC17xx.a(lpc17xx_gpio.o)
FIO_HalfWordReadValue                             C:\EDIII\Medidor_distancia\CMSISv2p00_LPC17xx\Debug\libCMSISv2p00_LPC17xx.a(lpc17xx_gpio.o)
FIO_HalfWordSetDir                                C:\EDIII\Medidor_distancia\CMSISv2p00_LPC17xx\Debug\libCMSISv2p00_LPC17xx.a(lpc17xx_gpio.o)
FIO_HalfWordSetMask                               C:\EDIII\Medidor_distancia\CMSISv2p00_LPC17xx\Debug\libCMSISv2p00_LPC17xx.a(lpc17xx_gpio.o)
FIO_HalfWordSetValue                              C:\EDIII\Medidor_distancia\CMSISv2p00_LPC17xx\Debug\libCMSISv2p00_LPC17xx.a(lpc17xx_gpio.o)
FIO_IntCmd                                        C:\EDIII\Medidor_distancia\CMSISv2p00_LPC17xx\Debug\libCMSISv2p00_LPC17xx.a(lpc17xx_gpio.o)
FIO_ReadValue                                     C:\EDIII\Medidor_distancia\CMSISv2p00_LPC17xx\Debug\libCMSISv2p00_LPC17xx.a(lpc17xx_gpio.o)
FIO_SetDir                                        C:\EDIII\Medidor_distancia\CMSISv2p00_LPC17xx\Debug\libCMSISv2p00_LPC17xx.a(lpc17xx_gpio.o)
FIO_SetMask                                       C:\EDIII\Medidor_distancia\CMSISv2p00_LPC17xx\Debug\libCMSISv2p00_LPC17xx.a(lpc17xx_gpio.o)
FIO_SetValue                                      C:\EDIII\Medidor_distancia\CMSISv2p00_LPC17xx\Debug\libCMSISv2p00_LPC17xx.a(lpc17xx_gpio.o)
GPIO_ClearInt                                     C:\EDIII\Medidor_distancia\CMSISv2p00_LPC17xx\Debug\libCMSISv2p00_LPC17xx.a(lpc17xx_gpio.o)
GPIO_ClearValue                                   C:\EDIII\Medidor_distancia\CMSISv2p00_LPC17xx\Debug\libCMSISv2p00_LPC17xx.a(lpc17xx_gpio.o)
GPIO_GetIntStatus                                 C:\EDIII\Medidor_distancia\CMSISv2p00_LPC17xx\Debug\libCMSISv2p00_LPC17xx.a(lpc17xx_gpio.o)
GPIO_IntCmd                                       C:\EDIII\Medidor_distancia\CMSISv2p00_LPC17xx\Debug\libCMSISv2p00_LPC17xx.a(lpc17xx_gpio.o)
GPIO_PinDirection                                 ./src/tp_final.o
GPIO_PinFunction                                  ./src/tp_final.o
GPIO_PinRead                                      ./src/tp_final.o
GPIO_PinToggle                                    ./src/tp_final.o
GPIO_PinWrite                                     ./src/tp_final.o
GPIO_ReadValue                                    C:\EDIII\Medidor_distancia\CMSISv2p00_LPC17xx\Debug\libCMSISv2p00_LPC17xx.a(lpc17xx_gpio.o)
GPIO_SetDir                                       C:\EDIII\Medidor_distancia\CMSISv2p00_LPC17xx\Debug\libCMSISv2p00_LPC17xx.a(lpc17xx_gpio.o)
                                                  ./src/tp_final.o
GPIO_SetValue                                     C:\EDIII\Medidor_distancia\CMSISv2p00_LPC17xx\Debug\libCMSISv2p00_LPC17xx.a(lpc17xx_gpio.o)
HardFault_Handler                                 ./src/cr_startup_lpc175x_6x.o
I2C0_IRQHandler                                   ./src/cr_startup_lpc175x_6x.o
I2C1_IRQHandler                                   ./src/cr_startup_lpc175x_6x.o
I2C2_IRQHandler                                   ./src/cr_startup_lpc175x_6x.o
I2S_IRQHandler                                    ./src/cr_startup_lpc175x_6x.o
IntDefaultHandler                                 ./src/cr_startup_lpc175x_6x.o
LCDConfig                                         ./src/tp_final.o
LCD_Clear                                         ./src/tp_final.o
LCD_CmdWrite                                      ./src/tp_final.o
LCD_DisplayChar                                   ./src/tp_final.o
LCD_DisplayFloatNumber                            ./src/tp_final.o
LCD_DisplayNumber                                 ./src/tp_final.o
LCD_DisplayString                                 ./src/tp_final.o
LCD_GoToLine                                      ./src/tp_final.o
LCD_GoToNextLine                                  ./src/tp_final.o
LCD_Init                                          ./src/tp_final.o
LCD_Printf                                        ./src/tp_final.o
LCD_ScrollMessage                                 ./src/tp_final.o
LCD_SetUp                                         ./src/tp_final.o
MCPWM_IRQHandler                                  ./src/cr_startup_lpc175x_6x.o
MemManage_Handler                                 ./src/cr_startup_lpc175x_6x.o
NMI_Handler                                       ./src/cr_startup_lpc175x_6x.o
PINSEL_ConfigPin                                  C:\EDIII\Medidor_distancia\CMSISv2p00_LPC17xx\Debug\libCMSISv2p00_LPC17xx.a(lpc17xx_pinsel.o)
                                                  ./src/tp_final.o
PINSEL_ConfigTraceFunc                            C:\EDIII\Medidor_distancia\CMSISv2p00_LPC17xx\Debug\libCMSISv2p00_LPC17xx.a(lpc17xx_pinsel.o)
PINSEL_SetI2C0Pins                                C:\EDIII\Medidor_distancia\CMSISv2p00_LPC17xx\Debug\libCMSISv2p00_LPC17xx.a(lpc17xx_pinsel.o)
PLL0_IRQHandler                                   ./src/cr_startup_lpc175x_6x.o
PLL1_IRQHandler                                   ./src/cr_startup_lpc175x_6x.o
PWM1_IRQHandler                                   ./src/cr_startup_lpc175x_6x.o
PendSV_Handler                                    ./src/cr_startup_lpc175x_6x.o
QEI_IRQHandler                                    ./src/cr_startup_lpc175x_6x.o
RIT_IRQHandler                                    ./src/cr_startup_lpc175x_6x.o
RTC_IRQHandler                                    ./src/cr_startup_lpc175x_6x.o
ResetISR                                          ./src/cr_startup_lpc175x_6x.o
SPI_IRQHandler                                    ./src/cr_startup_lpc175x_6x.o
SSP0_IRQHandler                                   ./src/cr_startup_lpc175x_6x.o
SSP1_IRQHandler                                   ./src/cr_startup_lpc175x_6x.o
SVC_Handler                                       ./src/cr_startup_lpc175x_6x.o
SysTick_Handler                                   ./src/cr_startup_lpc175x_6x.o
SystemCoreClock                                   C:\EDIII\Medidor_distancia\CMSISv2p00_LPC17xx\Debug\libCMSISv2p00_LPC17xx.a(system_LPC17xx.o)
                                                  C:\EDIII\Medidor_distancia\CMSISv2p00_LPC17xx\Debug\libCMSISv2p00_LPC17xx.a(lpc17xx_clkpwr.o)
SystemCoreClockUpdate                             C:\EDIII\Medidor_distancia\CMSISv2p00_LPC17xx\Debug\libCMSISv2p00_LPC17xx.a(system_LPC17xx.o)
SystemInit                                        C:\EDIII\Medidor_distancia\CMSISv2p00_LPC17xx\Debug\libCMSISv2p00_LPC17xx.a(system_LPC17xx.o)
                                                  ./src/cr_startup_lpc175x_6x.o
TIMER0_IRQHandler                                 ./src/tp_final.o
                                                  ./src/cr_startup_lpc175x_6x.o
TIMER1_IRQHandler                                 ./src/tp_final.o
                                                  ./src/cr_startup_lpc175x_6x.o
TIMER2_IRQHandler                                 ./src/cr_startup_lpc175x_6x.o
TIMER3_IRQHandler                                 ./src/cr_startup_lpc175x_6x.o
TIM_ClearIntCapturePending                        C:\EDIII\Medidor_distancia\CMSISv2p00_LPC17xx\Debug\libCMSISv2p00_LPC17xx.a(lpc17xx_timer.o)
TIM_ClearIntPending                               C:\EDIII\Medidor_distancia\CMSISv2p00_LPC17xx\Debug\libCMSISv2p00_LPC17xx.a(lpc17xx_timer.o)
TIM_Cmd                                           C:\EDIII\Medidor_distancia\CMSISv2p00_LPC17xx\Debug\libCMSISv2p00_LPC17xx.a(lpc17xx_timer.o)
                                                  ./src/tp_final.o
TIM_ConfigCapture                                 C:\EDIII\Medidor_distancia\CMSISv2p00_LPC17xx\Debug\libCMSISv2p00_LPC17xx.a(lpc17xx_timer.o)
TIM_ConfigMatch                                   C:\EDIII\Medidor_distancia\CMSISv2p00_LPC17xx\Debug\libCMSISv2p00_LPC17xx.a(lpc17xx_timer.o)
                                                  ./src/tp_final.o
TIM_ConfigStructInit                              C:\EDIII\Medidor_distancia\CMSISv2p00_LPC17xx\Debug\libCMSISv2p00_LPC17xx.a(lpc17xx_timer.o)
TIM_DeInit                                        C:\EDIII\Medidor_distancia\CMSISv2p00_LPC17xx\Debug\libCMSISv2p00_LPC17xx.a(lpc17xx_timer.o)
TIM_GetCaptureValue                               C:\EDIII\Medidor_distancia\CMSISv2p00_LPC17xx\Debug\libCMSISv2p00_LPC17xx.a(lpc17xx_timer.o)
TIM_GetIntCaptureStatus                           C:\EDIII\Medidor_distancia\CMSISv2p00_LPC17xx\Debug\libCMSISv2p00_LPC17xx.a(lpc17xx_timer.o)
TIM_GetIntStatus                                  C:\EDIII\Medidor_distancia\CMSISv2p00_LPC17xx\Debug\libCMSISv2p00_LPC17xx.a(lpc17xx_timer.o)
TIM_Init                                          C:\EDIII\Medidor_distancia\CMSISv2p00_LPC17xx\Debug\libCMSISv2p00_LPC17xx.a(lpc17xx_timer.o)
                                                  ./src/tp_final.o
TIM_ResetCounter                                  C:\EDIII\Medidor_distancia\CMSISv2p00_LPC17xx\Debug\libCMSISv2p00_LPC17xx.a(lpc17xx_timer.o)
                                                  ./src/tp_final.o
TIM_UpdateMatchValue                              C:\EDIII\Medidor_distancia\CMSISv2p00_LPC17xx\Debug\libCMSISv2p00_LPC17xx.a(lpc17xx_timer.o)
                                                  ./src/tp_final.o
UART0_IRQHandler                                  ./src/cr_startup_lpc175x_6x.o
UART1_IRQHandler                                  ./src/cr_startup_lpc175x_6x.o
UART2_IRQHandler                                  ./src/cr_startup_lpc175x_6x.o
UART3_IRQHandler                                  ./src/cr_startup_lpc175x_6x.o
UART_ABClearIntPending                            C:\EDIII\Medidor_distancia\CMSISv2p00_LPC17xx\Debug\libCMSISv2p00_LPC17xx.a(lpc17xx_uart.o)
UART_ABCmd                                        C:\EDIII\Medidor_distancia\CMSISv2p00_LPC17xx\Debug\libCMSISv2p00_LPC17xx.a(lpc17xx_uart.o)
UART_CheckBusy                                    C:\EDIII\Medidor_distancia\CMSISv2p00_LPC17xx\Debug\libCMSISv2p00_LPC17xx.a(lpc17xx_uart.o)
UART_ConfigStructInit                             C:\EDIII\Medidor_distancia\CMSISv2p00_LPC17xx\Debug\libCMSISv2p00_LPC17xx.a(lpc17xx_uart.o)
                                                  ./src/tp_final.o
UART_DeInit                                       C:\EDIII\Medidor_distancia\CMSISv2p00_LPC17xx\Debug\libCMSISv2p00_LPC17xx.a(lpc17xx_uart.o)
UART_FIFOConfig                                   C:\EDIII\Medidor_distancia\CMSISv2p00_LPC17xx\Debug\libCMSISv2p00_LPC17xx.a(lpc17xx_uart.o)
                                                  ./src/tp_final.o
UART_FIFOConfigStructInit                         C:\EDIII\Medidor_distancia\CMSISv2p00_LPC17xx\Debug\libCMSISv2p00_LPC17xx.a(lpc17xx_uart.o)
                                                  ./src/tp_final.o
UART_ForceBreak                                   C:\EDIII\Medidor_distancia\CMSISv2p00_LPC17xx\Debug\libCMSISv2p00_LPC17xx.a(lpc17xx_uart.o)
UART_FullModemConfigMode                          C:\EDIII\Medidor_distancia\CMSISv2p00_LPC17xx\Debug\libCMSISv2p00_LPC17xx.a(lpc17xx_uart.o)
UART_FullModemForcePinState                       C:\EDIII\Medidor_distancia\CMSISv2p00_LPC17xx\Debug\libCMSISv2p00_LPC17xx.a(lpc17xx_uart.o)
UART_FullModemGetStatus                           C:\EDIII\Medidor_distancia\CMSISv2p00_LPC17xx\Debug\libCMSISv2p00_LPC17xx.a(lpc17xx_uart.o)
UART_GetIntId                                     C:\EDIII\Medidor_distancia\CMSISv2p00_LPC17xx\Debug\libCMSISv2p00_LPC17xx.a(lpc17xx_uart.o)
UART_GetLineStatus                                C:\EDIII\Medidor_distancia\CMSISv2p00_LPC17xx\Debug\libCMSISv2p00_LPC17xx.a(lpc17xx_uart.o)
UART_Init                                         C:\EDIII\Medidor_distancia\CMSISv2p00_LPC17xx\Debug\libCMSISv2p00_LPC17xx.a(lpc17xx_uart.o)
                                                  ./src/tp_final.o
UART_IntConfig                                    C:\EDIII\Medidor_distancia\CMSISv2p00_LPC17xx\Debug\libCMSISv2p00_LPC17xx.a(lpc17xx_uart.o)
UART_IrDACmd                                      C:\EDIII\Medidor_distancia\CMSISv2p00_LPC17xx\Debug\libCMSISv2p00_LPC17xx.a(lpc17xx_uart.o)
UART_IrDAInvtInputCmd                             C:\EDIII\Medidor_distancia\CMSISv2p00_LPC17xx\Debug\libCMSISv2p00_LPC17xx.a(lpc17xx_uart.o)
UART_IrDAPulseDivConfig                           C:\EDIII\Medidor_distancia\CMSISv2p00_LPC17xx\Debug\libCMSISv2p00_LPC17xx.a(lpc17xx_uart.o)
UART_RS485Config                                  C:\EDIII\Medidor_distancia\CMSISv2p00_LPC17xx\Debug\libCMSISv2p00_LPC17xx.a(lpc17xx_uart.o)
UART_RS485ReceiverCmd                             C:\EDIII\Medidor_distancia\CMSISv2p00_LPC17xx\Debug\libCMSISv2p00_LPC17xx.a(lpc17xx_uart.o)
UART_RS485Send                                    C:\EDIII\Medidor_distancia\CMSISv2p00_LPC17xx\Debug\libCMSISv2p00_LPC17xx.a(lpc17xx_uart.o)
UART_RS485SendData                                C:\EDIII\Medidor_distancia\CMSISv2p00_LPC17xx\Debug\libCMSISv2p00_LPC17xx.a(lpc17xx_uart.o)
UART_RS485SendSlvAddr                             C:\EDIII\Medidor_distancia\CMSISv2p00_LPC17xx\Debug\libCMSISv2p00_LPC17xx.a(lpc17xx_uart.o)
UART_Receive                                      C:\EDIII\Medidor_distancia\CMSISv2p00_LPC17xx\Debug\libCMSISv2p00_LPC17xx.a(lpc17xx_uart.o)
UART_ReceiveByte                                  C:\EDIII\Medidor_distancia\CMSISv2p00_LPC17xx\Debug\libCMSISv2p00_LPC17xx.a(lpc17xx_uart.o)
UART_Send                                         C:\EDIII\Medidor_distancia\CMSISv2p00_LPC17xx\Debug\libCMSISv2p00_LPC17xx.a(lpc17xx_uart.o)
                                                  ./src/tp_final.o
UART_SendByte                                     C:\EDIII\Medidor_distancia\CMSISv2p00_LPC17xx\Debug\libCMSISv2p00_LPC17xx.a(lpc17xx_uart.o)
UART_TxCmd                                        C:\EDIII\Medidor_distancia\CMSISv2p00_LPC17xx\Debug\libCMSISv2p00_LPC17xx.a(lpc17xx_uart.o)
                                                  ./src/tp_final.o
USBActivity_IRQHandler                            ./src/cr_startup_lpc175x_6x.o
USB_IRQHandler                                    ./src/cr_startup_lpc175x_6x.o
UsageFault_Handler                                ./src/cr_startup_lpc175x_6x.o
WDT_IRQHandler                                    ./src/cr_startup_lpc175x_6x.o
__aeabi_cdcmpeq                                   c:/nxp/mcuxpressoide_11.6.1_8255/ide/plugins/com.nxp.mcuxpresso.tools.win32_11.6.1.202207200623/tools/bin/../lib/gcc/arm-none-eabi/10.3.1/thumb/v7-m/nofp\libcr_eabihelpers.a(double.o)
__aeabi_cdcmple                                   c:/nxp/mcuxpressoide_11.6.1_8255/ide/plugins/com.nxp.mcuxpresso.tools.win32_11.6.1.202207200623/tools/bin/../lib/gcc/arm-none-eabi/10.3.1/thumb/v7-m/nofp\libcr_eabihelpers.a(double.o)
__aeabi_cdrcmple                                  c:/nxp/mcuxpressoide_11.6.1_8255/ide/plugins/com.nxp.mcuxpresso.tools.win32_11.6.1.202207200623/tools/bin/../lib/gcc/arm-none-eabi/10.3.1/thumb/v7-m/nofp\libcr_eabihelpers.a(double.o)
__aeabi_d2f                                       c:/nxp/mcuxpressoide_11.6.1_8255/ide/plugins/com.nxp.mcuxpresso.tools.win32_11.6.1.202207200623/tools/bin/../lib/gcc/arm-none-eabi/10.3.1/thumb/v7-m/nofp\libcr_eabihelpers.a(double.o)
__aeabi_d2iz                                      c:/nxp/mcuxpressoide_11.6.1_8255/ide/plugins/com.nxp.mcuxpresso.tools.win32_11.6.1.202207200623/tools/bin/../lib/gcc/arm-none-eabi/10.3.1/thumb/v7-m/nofp\libcr_eabihelpers.a(double.o)
__aeabi_d2lz                                      c:/nxp/mcuxpressoide_11.6.1_8255/ide/plugins/com.nxp.mcuxpresso.tools.win32_11.6.1.202207200623/tools/bin/../lib/gcc/arm-none-eabi/10.3.1/thumb/v7-m/nofp\libcr_eabihelpers.a(double.o)
__aeabi_d2uiz                                     c:/nxp/mcuxpressoide_11.6.1_8255/ide/plugins/com.nxp.mcuxpresso.tools.win32_11.6.1.202207200623/tools/bin/../lib/gcc/arm-none-eabi/10.3.1/thumb/v7-m/nofp\libcr_eabihelpers.a(double.o)
                                                  ./src/tp_final.o
__aeabi_d2ulz                                     c:/nxp/mcuxpressoide_11.6.1_8255/ide/plugins/com.nxp.mcuxpresso.tools.win32_11.6.1.202207200623/tools/bin/../lib/gcc/arm-none-eabi/10.3.1/thumb/v7-m/nofp\libcr_eabihelpers.a(double.o)
__aeabi_dadd                                      c:/nxp/mcuxpressoide_11.6.1_8255/ide/plugins/com.nxp.mcuxpresso.tools.win32_11.6.1.202207200623/tools/bin/../lib/gcc/arm-none-eabi/10.3.1/thumb/v7-m/nofp\libcr_eabihelpers.a(double.o)
__aeabi_dcmpeq                                    c:/nxp/mcuxpressoide_11.6.1_8255/ide/plugins/com.nxp.mcuxpresso.tools.win32_11.6.1.202207200623/tools/bin/../lib/gcc/arm-none-eabi/10.3.1/thumb/v7-m/nofp\libcr_eabihelpers.a(double.o)
__aeabi_dcmpge                                    c:/nxp/mcuxpressoide_11.6.1_8255/ide/plugins/com.nxp.mcuxpresso.tools.win32_11.6.1.202207200623/tools/bin/../lib/gcc/arm-none-eabi/10.3.1/thumb/v7-m/nofp\libcr_eabihelpers.a(double.o)
__aeabi_dcmpgt                                    c:/nxp/mcuxpressoide_11.6.1_8255/ide/plugins/com.nxp.mcuxpresso.tools.win32_11.6.1.202207200623/tools/bin/../lib/gcc/arm-none-eabi/10.3.1/thumb/v7-m/nofp\libcr_eabihelpers.a(double.o)
__aeabi_dcmple                                    c:/nxp/mcuxpressoide_11.6.1_8255/ide/plugins/com.nxp.mcuxpresso.tools.win32_11.6.1.202207200623/tools/bin/../lib/gcc/arm-none-eabi/10.3.1/thumb/v7-m/nofp\libcr_eabihelpers.a(double.o)
__aeabi_dcmplt                                    c:/nxp/mcuxpressoide_11.6.1_8255/ide/plugins/com.nxp.mcuxpresso.tools.win32_11.6.1.202207200623/tools/bin/../lib/gcc/arm-none-eabi/10.3.1/thumb/v7-m/nofp\libcr_eabihelpers.a(double.o)
__aeabi_dcmpun                                    c:/nxp/mcuxpressoide_11.6.1_8255/ide/plugins/com.nxp.mcuxpresso.tools.win32_11.6.1.202207200623/tools/bin/../lib/gcc/arm-none-eabi/10.3.1/thumb/v7-m/nofp\libcr_eabihelpers.a(double.o)
__aeabi_ddiv                                      c:/nxp/mcuxpressoide_11.6.1_8255/ide/plugins/com.nxp.mcuxpresso.tools.win32_11.6.1.202207200623/tools/bin/../lib/gcc/arm-none-eabi/10.3.1/thumb/v7-m/nofp\libcr_eabihelpers.a(double.o)
__aeabi_dmul                                      c:/nxp/mcuxpressoide_11.6.1_8255/ide/plugins/com.nxp.mcuxpresso.tools.win32_11.6.1.202207200623/tools/bin/../lib/gcc/arm-none-eabi/10.3.1/thumb/v7-m/nofp\libcr_eabihelpers.a(double.o)
                                                  ./src/tp_final.o
__aeabi_dneg                                      c:/nxp/mcuxpressoide_11.6.1_8255/ide/plugins/com.nxp.mcuxpresso.tools.win32_11.6.1.202207200623/tools/bin/../lib/gcc/arm-none-eabi/10.3.1/thumb/v7-m/nofp\libcr_eabihelpers.a(double.o)
__aeabi_drsub                                     c:/nxp/mcuxpressoide_11.6.1_8255/ide/plugins/com.nxp.mcuxpresso.tools.win32_11.6.1.202207200623/tools/bin/../lib/gcc/arm-none-eabi/10.3.1/thumb/v7-m/nofp\libcr_eabihelpers.a(double.o)
__aeabi_dsub                                      c:/nxp/mcuxpressoide_11.6.1_8255/ide/plugins/com.nxp.mcuxpresso.tools.win32_11.6.1.202207200623/tools/bin/../lib/gcc/arm-none-eabi/10.3.1/thumb/v7-m/nofp\libcr_eabihelpers.a(double.o)
                                                  ./src/tp_final.o
__aeabi_i2d                                       c:/nxp/mcuxpressoide_11.6.1_8255/ide/plugins/com.nxp.mcuxpresso.tools.win32_11.6.1.202207200623/tools/bin/../lib/gcc/arm-none-eabi/10.3.1/thumb/v7-m/nofp\libcr_eabihelpers.a(double.o)
__aeabi_idiv0                                     c:/nxp/mcuxpressoide_11.6.1_8255/ide/plugins/com.nxp.mcuxpresso.tools.win32_11.6.1.202207200623/tools/bin/../lib/gcc/arm-none-eabi/10.3.1/thumb/v7-m/nofp\libcr_eabihelpers.a(division_idiv0.o)
                                                  c:/nxp/mcuxpressoide_11.6.1_8255/ide/plugins/com.nxp.mcuxpresso.tools.win32_11.6.1.202207200623/tools/bin/../lib/gcc/arm-none-eabi/10.3.1/thumb/v7-m/nofp\libcr_eabihelpers.a(division_64.o)
__aeabi_l2d                                       c:/nxp/mcuxpressoide_11.6.1_8255/ide/plugins/com.nxp.mcuxpresso.tools.win32_11.6.1.202207200623/tools/bin/../lib/gcc/arm-none-eabi/10.3.1/thumb/v7-m/nofp\libcr_eabihelpers.a(double.o)
__aeabi_ldivmod                                   c:/nxp/mcuxpressoide_11.6.1_8255/ide/plugins/com.nxp.mcuxpresso.tools.win32_11.6.1.202207200623/tools/bin/../lib/gcc/arm-none-eabi/10.3.1/thumb/v7-m/nofp\libcr_eabihelpers.a(division_64.o)
                                                  C:\EDIII\Medidor_distancia\CMSISv2p00_LPC17xx\Debug\libCMSISv2p00_LPC17xx.a(system_LPC17xx.o)
__aeabi_ui2d                                      c:/nxp/mcuxpressoide_11.6.1_8255/ide/plugins/com.nxp.mcuxpresso.tools.win32_11.6.1.202207200623/tools/bin/../lib/gcc/arm-none-eabi/10.3.1/thumb/v7-m/nofp\libcr_eabihelpers.a(double.o)
                                                  ./src/tp_final.o
__aeabi_ul2d                                      c:/nxp/mcuxpressoide_11.6.1_8255/ide/plugins/com.nxp.mcuxpresso.tools.win32_11.6.1.202207200623/tools/bin/../lib/gcc/arm-none-eabi/10.3.1/thumb/v7-m/nofp\libcr_eabihelpers.a(double.o)
__aeabi_uldivmod                                  c:/nxp/mcuxpressoide_11.6.1_8255/ide/plugins/com.nxp.mcuxpresso.tools.win32_11.6.1.202207200623/tools/bin/../lib/gcc/arm-none-eabi/10.3.1/thumb/v7-m/nofp\libcr_eabihelpers.a(division_64.o)
                                                  C:\EDIII\Medidor_distancia\CMSISv2p00_LPC17xx\Debug\libCMSISv2p00_LPC17xx.a(lpc17xx_timer.o)
                                                  C:\EDIII\Medidor_distancia\CMSISv2p00_LPC17xx\Debug\libCMSISv2p00_LPC17xx.a(system_LPC17xx.o)
__bhs_ldivmod1                                    c:/nxp/mcuxpressoide_11.6.1_8255/ide/plugins/com.nxp.mcuxpresso.tools.win32_11.6.1.202207200623/tools/bin/../lib/gcc/arm-none-eabi/10.3.1/thumb/v7-m/nofp\libcr_eabihelpers.a(division_64.o)
__bhs_ui2d                                        c:/nxp/mcuxpressoide_11.6.1_8255/ide/plugins/com.nxp.mcuxpresso.tools.win32_11.6.1.202207200623/tools/bin/../lib/gcc/arm-none-eabi/10.3.1/thumb/v7-m/nofp\libcr_eabihelpers.a(double.o)
__bhs_ul2d                                        c:/nxp/mcuxpressoide_11.6.1_8255/ide/plugins/com.nxp.mcuxpresso.tools.win32_11.6.1.202207200623/tools/bin/../lib/gcc/arm-none-eabi/10.3.1/thumb/v7-m/nofp\libcr_eabihelpers.a(double.o)
__bss_section_table_end                           ./src/cr_startup_lpc175x_6x.o
__data_section_table                              ./src/cr_startup_lpc175x_6x.o
__data_section_table_end                          ./src/cr_startup_lpc175x_6x.o
__main                                            c:/nxp/mcuxpressoide_11.6.1_8255/ide/plugins/com.nxp.mcuxpresso.tools.win32_11.6.1.202207200623/tools/bin/../lib/gcc/arm-none-eabi/10.3.1/../../../../arm-none-eabi/lib/thumb/v7-m/nofp\libcr_c.a(__weak__main.o)
                                                  ./src/cr_startup_lpc175x_6x.o
__valid_user_code_checksum                        ./src/cr_startup_lpc175x_6x.o
__weak_main                                       c:/nxp/mcuxpressoide_11.6.1_8255/ide/plugins/com.nxp.mcuxpresso.tools.win32_11.6.1.202207200623/tools/bin/../lib/gcc/arm-none-eabi/10.3.1/../../../../arm-none-eabi/lib/thumb/v7-m/nofp\libcr_c.a(__weak__main.o)
_vStackTop                                        ./src/cr_startup_lpc175x_6x.o
act_timer                                         ./src/tp_final.o
bss_init                                          ./src/cr_startup_lpc175x_6x.o
check_failed                                      C:\EDIII\Medidor_distancia\CMSISv2p00_LPC17xx\Debug\libCMSISv2p00_LPC17xx.a(lpc17xx_libcfg_default.o)
                                                  C:\EDIII\Medidor_distancia\CMSISv2p00_LPC17xx\Debug\libCMSISv2p00_LPC17xx.a(lpc17xx_uart.o)
                                                  C:\EDIII\Medidor_distancia\CMSISv2p00_LPC17xx\Debug\libCMSISv2p00_LPC17xx.a(lpc17xx_timer.o)
comparacion                                       ./src/tp_final.o
conf_adc                                          ./src/tp_final.o
conf_int_pulsador                                 ./src/tp_final.o
conf_pin_buzzer                                   ./src/tp_final.o
conf_pin_uart                                     ./src/tp_final.o
conf_pines_leds                                   ./src/tp_final.o
conf_pines_sensor                                 ./src/tp_final.o
conf_uart                                         ./src/tp_final.o
config_timer0                                     ./src/tp_final.o
config_timer1                                     ./src/tp_final.o
config_timer2                                     ./src/tp_final.o
config_timer3                                     ./src/tp_final.o
cont_nivel                                        ./src/tp_final.o
cont_nuevo_nivel                                  ./src/tp_final.o
data_init                                         ./src/cr_startup_lpc175x_6x.o
debounce_cont                                     ./src/tp_final.o
disparo_medicion                                  ./src/tp_final.o
dist_limite                                       ./src/tp_final.o
dist_medida                                       ./src/tp_final.o
enviar_info_uart                                  ./src/tp_final.o
estado_boton_anterior                             ./src/tp_final.o
g_pfnVectors                                      ./src/cr_startup_lpc175x_6x.o
main                                              ./src/tp_final.o
                                                  c:/nxp/mcuxpressoide_11.6.1_8255/ide/plugins/com.nxp.mcuxpresso.tools.win32_11.6.1.202207200623/tools/bin/../lib/gcc/arm-none-eabi/10.3.1/../../../../arm-none-eabi/lib/thumb/v7-m/nofp\libcr_c.a(__weak__main.o)
modo_seteo                                        ./src/tp_final.o
nivel_actual                                      ./src/tp_final.o
nivel_anterior                                    ./src/tp_final.o
off_buzzer                                        ./src/tp_final.o
print_midiendo                                    ./src/tp_final.o
seteo                                             ./src/tp_final.o
tiempo_echo                                       ./src/tp_final.o
v_LcdTrackCursorPos_U8                            ./src/tp_final.o
v_LcdTrackLineNum_U8                              ./src/tp_final.o
