../src/lcd.c:130:6:LCD_SetUp	24	static
../src/lcd.c:193:6:LCD_Init	16	static
../src/lcd.c:232:6:LCD_Clear	8	static
../src/lcd.c:260:6:LCD_GoToLine	16	static
../src/lcd.c:287:7:LCD_GoToNextLine	8	static
../src/lcd.c:353:6:LCD_CmdWrite	16	static
../src/lcd.c:387:6:LCD_DisplayChar	16	static
../src/lcd.c:422:6:LCD_DisplayString	16	static
../src/lcd.c:449:6:LCD_ScrollMessage	24	static
../src/lcd.c:524:6:LCD_DisplayNumber	32	static
../src/lcd.c:611:6:LCD_DisplayFloatNumber	24	static
../src/lcd.c:671:6:LCD_Printf	48	static
../src/lcd.c:821:13:lcd_DataWrite	16	static
../src/lcd.c:855:13:lcd_BusyCheck	16	static
../src/lcd.c:908:13:lcd_Reset	8	static
../src/lcd.c:938:13:lcd_SendHigherNibble	16	static
../src/lcd.c:957:13:lcd_SendLowerNibble	16	static
../src/lcd.c:976:13:lcd_SendCmdSignals	8	static
../src/lcd.c:997:13:lcd_SendDataSignals	8	static
