C:\EDIII\Medidor_distancia\CMSISv2p00_LPC17xx\inc/core_cm3.h:928:22:NVIC_EnableIRQ	16	static
C:\EDIII\Medidor_distancia\CMSISv2p00_LPC17xx\inc/core_cm3.h:941:22:NVIC_DisableIRQ	16	static
C:\EDIII\Medidor_distancia\CMSISv2p00_LPC17xx\Drivers\src/lcd.c:130:6:LCD_SetUp	24	static
C:\EDIII\Medidor_distancia\CMSISv2p00_LPC17xx\Drivers\src/lcd.c:193:6:LCD_Init	16	static
C:\EDIII\Medidor_distancia\CMSISv2p00_LPC17xx\Drivers\src/lcd.c:232:6:LCD_Clear	8	static
C:\EDIII\Medidor_distancia\CMSISv2p00_LPC17xx\Drivers\src/lcd.c:260:6:LCD_GoToLine	16	static
C:\EDIII\Medidor_distancia\CMSISv2p00_LPC17xx\Drivers\src/lcd.c:287:7:LCD_GoToNextLine	8	static
C:\EDIII\Medidor_distancia\CMSISv2p00_LPC17xx\Drivers\src/lcd.c:353:6:LCD_CmdWrite	16	static
C:\EDIII\Medidor_distancia\CMSISv2p00_LPC17xx\Drivers\src/lcd.c:387:6:LCD_DisplayChar	16	static
C:\EDIII\Medidor_distancia\CMSISv2p00_LPC17xx\Drivers\src/lcd.c:422:6:LCD_DisplayString	16	static
C:\EDIII\Medidor_distancia\CMSISv2p00_LPC17xx\Drivers\src/lcd.c:449:6:LCD_ScrollMessage	24	static
C:\EDIII\Medidor_distancia\CMSISv2p00_LPC17xx\Drivers\src/lcd.c:524:6:LCD_DisplayNumber	32	static
C:\EDIII\Medidor_distancia\CMSISv2p00_LPC17xx\Drivers\src/lcd.c:611:6:LCD_DisplayFloatNumber	24	static
C:\EDIII\Medidor_distancia\CMSISv2p00_LPC17xx\Drivers\src/lcd.c:671:6:LCD_Printf	48	static
C:\EDIII\Medidor_distancia\CMSISv2p00_LPC17xx\Drivers\src/lcd.c:821:13:lcd_DataWrite	16	static
C:\EDIII\Medidor_distancia\CMSISv2p00_LPC17xx\Drivers\src/lcd.c:855:13:lcd_BusyCheck	16	static
C:\EDIII\Medidor_distancia\CMSISv2p00_LPC17xx\Drivers\src/lcd.c:908:13:lcd_Reset	8	static
C:\EDIII\Medidor_distancia\CMSISv2p00_LPC17xx\Drivers\src/lcd.c:938:13:lcd_SendHigherNibble	16	static
C:\EDIII\Medidor_distancia\CMSISv2p00_LPC17xx\Drivers\src/lcd.c:957:13:lcd_SendLowerNibble	16	static
C:\EDIII\Medidor_distancia\CMSISv2p00_LPC17xx\Drivers\src/lcd.c:976:13:lcd_SendCmdSignals	8	static
C:\EDIII\Medidor_distancia\CMSISv2p00_LPC17xx\Drivers\src/lcd.c:997:13:lcd_SendDataSignals	8	static
C:\EDIII\Medidor_distancia\CMSISv2p00_LPC17xx\Drivers\src/delay.c:50:6:DELAY_us	24	static
C:\EDIII\Medidor_distancia\CMSISv2p00_LPC17xx\Drivers\src/delay.c:75:6:DELAY_ms	24	static
C:\EDIII\Medidor_distancia\CMSISv2p00_LPC17xx\Drivers\src/delay.c:95:6:DELAY_sec	24	static
C:\EDIII\Medidor_distancia\CMSISv2p00_LPC17xx\Drivers\src/gpio.c:62:6:GPIO_PinFunction	24	static
C:\EDIII\Medidor_distancia\CMSISv2p00_LPC17xx\Drivers\src/gpio.c:104:6:GPIO_PinDirection	24	static
C:\EDIII\Medidor_distancia\CMSISv2p00_LPC17xx\Drivers\src/gpio.c:146:6:GPIO_PinWrite	24	static
C:\EDIII\Medidor_distancia\CMSISv2p00_LPC17xx\Drivers\src/gpio.c:189:6:GPIO_PinToggle	24	static
C:\EDIII\Medidor_distancia\CMSISv2p00_LPC17xx\Drivers\src/gpio.c:227:9:GPIO_PinRead	24	static
../src/tp_final.c:54:5:main	104	static
../src/tp_final.c:133:6:conf_pines_sensor	16	static
../src/tp_final.c:159:6:conf_pines_leds	16	static
../src/tp_final.c:188:6:conf_adc	16	static
../src/tp_final.c:208:6:config_timer3	32	static
../src/tp_final.c:232:6:config_timer0	32	static
../src/tp_final.c:256:6:disparo_medicion	8	static
../src/tp_final.c:264:6:config_timer1	32	static
../src/tp_final.c:289:6:TIMER1_IRQHandler	4	static
../src/tp_final.c:297:6:config_timer2	32	static
../src/tp_final.c:323:6:comparacion	8	static
../src/tp_final.c:391:6:conf_int_boton	16	static
../src/tp_final.c:411:6:EINT0_IRQHandler	8	static
../src/tp_final.c:422:6:TIMER0_IRQHandler	8	static
../src/tp_final.c:448:6:act_timer	8	static
../src/tp_final.c:460:6:conf_pin_buzzer	16	static
../src/tp_final.c:472:6:off_buzzer	16	static
../src/tp_final.c:488:6:conf_pin_uart	16	static
../src/tp_final.c:501:6:conf_uart	24	static
../src/tp_final.c:512:6:enviar_info_uart	104	static
